// Jest Snapshot v1, https://goo.gl/fbAQLP

exports[`ChangePasswordConfirm Page Story 1`] = `
<div
  className="change-password-confirm-wrapper card"
>
  <img
    className="dots-pattern"
    src="images/pattern-dots.png"
  />
  <h2>
    PASSWORD UPDATED
  </h2>
  <div
    className="page-instructions md-spacer col-xs-offset-3 col-xs-6"
  >
    <p>
      Your password has been updated. Follow the link below to login with your updated credentials.
    </p>
  </div>
  <div
    className="row lg-spacer"
  >
    <div
      className="col-xs-offset-3 col-xs-6 sm-spacer"
    >
      <span
        className="lnr lnr-checkmark-circle"
      />
    </div>
  </div>
  <form>
    <div
      className="row sm-spacer"
    >
      <div
        className="col-xs-offset-3 col-xs-6 sm-spacer"
      >
        <a
          className="primary-btn btn-link"
          href="/login"
          onClick={[Function]}
        >
          SIGN IN
        </a>
      </div>
    </div>
  </form>
</div>
`;
