// Jest Snapshot v1, https://goo.gl/fbAQLP

exports[`Story 1`] = `
<div
  className="body-wrapper"
>
  <h1>
    Body
  </h1>
</div>
`;
