// Jest Snapshot v1, https://goo.gl/fbAQLP

exports[`Story 1`] = `
<header>
  <div
    className={null}
  >
    <div>
      hg smartaccess
    </div>
  </div>
  <div>
    <div>
      MR Metropolitan Region
    </div>
  </div>
</header>
`;
