// Jest Snapshot v1, https://goo.gl/fbAQLP

exports[`Search Patient Story 1`] = `
<div
  className="search-patient-block"
>
  <h2>
    Patient Information
  </h2>
  <hr
    className="line"
  />
</div>
`;
