// Jest Snapshot v1, https://goo.gl/fbAQLP

exports[`Story 1`] = `
<div
  className="header-wrapper"
>
  <h1>
    Header
  </h1>
</div>
`;
