// Jest Snapshot v1, https://goo.gl/fbAQLP

exports[`Story 1`] = `
<div
  className="confirm-block"
>
  <h1>
    Confirm
  </h1>
</div>
`;
