// Jest Snapshot v1, https://goo.gl/fbAQLP

exports[`ResetPasswordConfirm Page Story 1`] = `
<div
  className="reset-password-confirm-wrapper card"
>
  <img
    className="dots-pattern"
    src="images/pattern-dots.png"
  />
  <h2>
    RESET YOUR PASSWORD
  </h2>
  <div
    className="page-instructions col-xs-offset-3 col-xs-6"
  >
    <p>
      An email was sent to you with further instructions on
      <br />
      how to retrieve your password.
    </p>
  </div>
  <div
    className="row lg-spacer"
  >
    <div
      className="col-xs-offset-3 col-xs-6"
    >
      <span
        className="lnr lnr-checkmark-circle"
      />
    </div>
  </div>
  <form>
    <div
      className="row sm-spacer"
    >
      <div
        className="col-xs-offset-3 col-xs-6"
      >
        <a
          className="primary-btn btn-link"
          href="/login"
          id="back-to-signin-link"
          onClick={[Function]}
        >
          SIGN IN
        </a>
      </div>
    </div>
  </form>
</div>
`;
