// Jest Snapshot v1, https://goo.gl/fbAQLP

exports[`Search Patient Story 1`] = `
<div
  className="login-block"
>
  <h1>
    Login
  </h1>
</div>
`;
