// Jest Snapshot v1, https://goo.gl/fbAQLP

exports[`Story 1`] = `
<div
  className="search-and-calendar-block"
>
  <h1>
    SearchAndCalendar
  </h1>
</div>
`;
