// Jest Snapshot v1, https://goo.gl/fbAQLP

exports[`Story 1`] = `
<div
  className="footer-wrapper"
>
  <h1>
    Footer
  </h1>
</div>
`;
