// Jest Snapshot v1, https://goo.gl/fbAQLP

exports[`Story 1`] = `
<div
  className="patient-tabs-wrapper"
>
  <div
    className="row sm-spacer"
  >
    <ul
      className="nav nav-tabs"
    >
      <li
        className="general-info-tab active"
        onClick={[Function]}
      >
        <a
          href="/patientinfo/generalinfo"
          onClick={[Function]}
        >
          General Info
        </a>
      </li>
      <li
        className="appointments-tab "
        onClick={[Function]}
      >
        <a
          href="/patientinfo/appointments"
          onClick={[Function]}
        >
          PatientName Appointments
        </a>
      </li>
      <li
        className="notes-tab "
        onClick={[Function]}
      >
        <a
          href="/patientinfo/notes"
          onClick={[Function]}
        >
          Notes
        </a>
      </li>
    </ul>
    <div
      className="tabs-line"
    />
    <div
      className="break-line"
    />
  </div>
  <div
    className="row sm-spacer"
  >
    <div
      className="break-line"
    />
  </div>
  <div
    className="row xs-spacer sm-spacer"
  >
    <div
      className="col-sm-6 no-padding"
    >
      <button
        className="back-btn primary-btn long"
        tabIndex={1}
      >
        BACK
      </button>
    </div>
    <div
      className="col-sm-6 no-padding"
    >
      <button
        className="next-btn primary-btn long"
        tabIndex={1}
        type="submit"
      >
        NEXT
      </button>
    </div>
  </div>
</div>
`;
