// Jest Snapshot v1, https://goo.gl/fbAQLP

exports[`Story 1`] = `
<div
  className="not-found-wrapper"
>
  <h1>
    Not Found!!!
  </h1>
</div>
`;
